// Jest Snapshot v1, https://goo.gl/fbAQLP

exports[`header matches snapshot 1`] = `
<DocumentFragment>
  <div
    class="sc-blHHSb kyxRVO"
  >
    <h3
      class="sc-gtLWhw vZxyv"
    >
      todos
    </h3>
  </div>
</DocumentFragment>
`;
