// Jest Snapshot v1, https://goo.gl/fbAQLP

exports[`TaskListSnap matches snapshot 1`] = `
<DocumentFragment>
  <div
    class="sc-blHHSb dmbdEB"
  />
</DocumentFragment>
`;
